c SCLEncoder 1.0.
c Real time limit is set to 1800.
c Memory limit is set to 30000.
c Iterative strategy: from LB to UB.
c LB-w = 46 (LB in Sinnl - A note on computational approaches for the antibandwidth problem).
c UB-w = 71 (UB in Sinnl - A note on computational approaches for the antibandwidth problem).
c [w = 46] Start task in PID: 25031.
c [w = 46] Antibandwidth problem with w = 46 (R-dwt__503.mtx.rnd):
c [w = 47] Start task in PID: 25032.
c [w = 47] Antibandwidth problem with w = 47 (R-dwt__503.mtx.rnd):
c [w = 46] Initializing CaDiCaL (version 1.2.1).
c [w = 46] Configuring CaDiCaL as --sat (1).
c [w = 46] Initializing a Duplex encoder with n = 503.
c [w = 47] Initializing CaDiCaL (version 1.2.1).
c [w = 46] Encoding starts with w = 46:
c [w = 46] Encode symmetry breaking with option: h.
c [w = 47] Configuring CaDiCaL as --sat (1).
c [w = 47] Initializing a Duplex encoder with n = 503.
c [w = 47] Encoding starts with w = 47:
c [w = 47] Encode symmetry breaking with option: h.
c [w = 48] Start task in PID: 25033.
c [w = 48] Antibandwidth problem with w = 48 (R-dwt__503.mtx.rnd):
c [w = 48] Initializing CaDiCaL (version 1.2.1).
c [w = 48] Configuring CaDiCaL as --sat (1).
c [w = 48] Initializing a Duplex encoder with n = 503.
c [w = 48] Encoding starts with w = 48:
c [w = 48] Encode symmetry breaking with option: h.
c [w = 49] Start task in PID: 25034.
c [w = 49] Antibandwidth problem with w = 49 (R-dwt__503.mtx.rnd):
c [w = 49] Initializing CaDiCaL (version 1.2.1).
c [w = 49] Configuring CaDiCaL as --sat (1).
c [w = 49] Initializing a Duplex encoder with n = 503.
c [w = 49] Encoding starts with w = 49:
c [w = 49] Encode symmetry breaking with option: h.
c [w = 47] Encoding duration: 5s
c [w = 47] Number of clauses: 8533850
c [w = 47] Number of irredundant clauses: 8055152
c [w = 47] Number of variables: 1207703
c [w = 47] SAT Solving starts:
c [w = 48] Encoding duration: 5s
c [w = 48] Number of clauses: 8543928
c [w = 48] Number of irredundant clauses: 8066550
c [w = 48] Number of variables: 1216757
c [w = 48] SAT Solving starts:
c [w = 46] Encoding duration: 5s
c [w = 46] Number of clauses: 8523772
c [w = 46] Number of irredundant clauses: 8043754
c [w = 46] Number of variables: 1198649
c [w = 46] SAT Solving starts:
c [w = 49] Encoding duration: 5s
c [w = 49] Number of clauses: 8554006
c [w = 49] Number of irredundant clauses: 8077948
c [w = 49] Number of variables: 1225811
c [w = 49] SAT Solving starts:
c [w = 47] Solving duration: 9406 ms
c [w = 47] Answer: 
s [w = 47] SAT (w = 47)
c [w = 47] Solution check w = 47.
c [w = 47] Result: 10
c Max width SAT is set to 47
c Kill lower pid 46.
c Signal interruption.
c [w = 50] Start task in PID: 25036.
c [w = 50] Antibandwidth problem with w = 50 (R-dwt__503.mtx.rnd):
c [w = 50] Initializing CaDiCaL (version 1.2.1).
c [w = 50] Configuring CaDiCaL as --sat (1).
c [w = 50] Initializing a Duplex encoder with n = 503.
c [w = 50] Encoding starts with w = 50:
c [w = 50] Encode symmetry breaking with option: h.
c [w = 48] Solving duration: 10048 ms
c [w = 48] Answer: 
s [w = 48] SAT (w = 48)
c [w = 48] Solution check w = 48.
c Child pid 46 - 25031 terminated by signal 15
c [w = 51] Start task in PID: 25037.
c [w = 51] Antibandwidth problem with w = 51 (R-dwt__503.mtx.rnd):
c [w = 51] Initializing CaDiCaL (version 1.2.1).
c [w = 51] Configuring CaDiCaL as --sat (1).
c [w = 51] Initializing a Duplex encoder with n = 503.
c [w = 51] Encoding starts with w = 51:
c [w = 51] Encode symmetry breaking with option: h.
c [w = 48] Result: 10
c Max width SAT is set to 48
c [w = 52] Start task in PID: 25038.
c [w = 52] Antibandwidth problem with w = 52 (R-dwt__503.mtx.rnd):
c [w = 52] Initializing CaDiCaL (version 1.2.1).
c [w = 52] Configuring CaDiCaL as --sat (1).
c [w = 52] Initializing a Duplex encoder with n = 503.
c [w = 52] Encoding starts with w = 52:
c [w = 52] Encode symmetry breaking with option: h.
c [w = 51] Encoding duration: 4s
c [w = 51] Number of clauses: 8454183
c [w = 51] Number of irredundant clauses: 7977870
c [w = 51] Number of variables: 1194625
c [w = 51] SAT Solving starts:
c [w = 50] Encoding duration: 4s
c [w = 50] Number of clauses: 8564084
c [w = 50] Number of irredundant clauses: 8089346
c [w = 50] Number of variables: 1234865
c [w = 50] SAT Solving starts:
c [w = 52] Encoding duration: 4s
c [w = 52] Number of clauses: 8461746
c [w = 52] Number of irredundant clauses: 7986706
c [w = 52] Number of variables: 1202673
c [w = 52] SAT Solving starts:
c [w = 50] Solving duration: 9600 ms
c [w = 50] Answer: 
s [w = 50] SAT (w = 50)
c [w = 50] Solution check w = 50.
c [w = 50] Result: 10
c Max width SAT is set to 50
c Kill lower pid 49.
c Signal interruption.
c [w = 53] Start task in PID: 25041.
c [w = 53] Antibandwidth problem with w = 53 (R-dwt__503.mtx.rnd):
c [w = 53] Initializing CaDiCaL (version 1.2.1).
c [w = 53] Configuring CaDiCaL as --sat (1).
c [w = 53] Initializing a Duplex encoder with n = 503.
c [w = 53] Encoding starts with w = 53:
c [w = 53] Encode symmetry breaking with option: h.
c Child pid 49 - 25034 terminated by signal 15
c [w = 54] Start task in PID: 25042.
c [w = 54] Antibandwidth problem with w = 54 (R-dwt__503.mtx.rnd):
c [w = 54] Initializing CaDiCaL (version 1.2.1).
c [w = 54] Configuring CaDiCaL as --sat (1).
c [w = 54] Initializing a Duplex encoder with n = 503.
c [w = 54] Encoding starts with w = 54:
c [w = 54] Encode symmetry breaking with option: h.
c [w = 53] Encoding duration: 4s
c [w = 53] Number of clauses: 8469309
c [w = 53] Number of irredundant clauses: 7995542
c [w = 53] Number of variables: 1210721
c [w = 53] SAT Solving starts:
c [w = 54] Encoding duration: 4s
c [w = 54] Number of clauses: 8476872
c [w = 54] Number of irredundant clauses: 8004378
c [w = 54] Number of variables: 1218769
c [w = 54] SAT Solving starts:
c [w = 51] Solving duration: 19760 ms
c [w = 51] Answer: 
s [w = 51] SAT (w = 51)
c [w = 51] Solution check w = 51.
c [w = 51] Result: 10
c Max width SAT is set to 51
c [w = 55] Start task in PID: 25047.
c [w = 55] Antibandwidth problem with w = 55 (R-dwt__503.mtx.rnd):
c [w = 55] Initializing CaDiCaL (version 1.2.1).
c [w = 55] Configuring CaDiCaL as --sat (1).
c [w = 55] Initializing a Duplex encoder with n = 503.
c [w = 55] Encoding starts with w = 55:
c [w = 55] Encode symmetry breaking with option: h.
c [w = 52] Solving duration: 20467 ms
c [w = 52] Answer: 
s [w = 52] SAT (w = 52)
c [w = 52] Solution check w = 52.
c [w = 52] Result: 10
c Max width SAT is set to 52
c [w = 56] Start task in PID: 25048.
c [w = 56] Antibandwidth problem with w = 56 (R-dwt__503.mtx.rnd):
c [w = 56] Initializing CaDiCaL (version 1.2.1).
c [w = 56] Configuring CaDiCaL as --sat (1).
c [w = 56] Initializing a Duplex encoder with n = 503.
c [w = 56] Encoding starts with w = 56:
c [w = 56] Encode symmetry breaking with option: h.
c [w = 55] Encoding duration: 4s
c [w = 55] Number of clauses: 8484435
c [w = 55] Number of irredundant clauses: 8013214
c [w = 55] Number of variables: 1226817
c [w = 55] SAT Solving starts:
c [w = 56] Encoding duration: 4s
c [w = 56] Number of clauses: 8359444
c [w = 56] Number of irredundant clauses: 7889650
c [w = 56] Number of variables: 1180541
c [w = 56] SAT Solving starts:
c [w = 53] Solving duration: 21030 ms
c [w = 53] Answer: 
s [w = 53] SAT (w = 53)
c [w = 53] Solution check w = 53.
c [w = 54] Solving duration: 21729 ms
c [w = 54] Answer: 
s [w = 54] SAT (w = 54)
c [w = 54] Solution check w = 54.
c [w = 53] Result: 10
c Max width SAT is set to 53
c [w = 57] Start task in PID: 25051.
c [w = 57] Antibandwidth problem with w = 57 (R-dwt__503.mtx.rnd):
c [w = 57] Initializing CaDiCaL (version 1.2.1).
c [w = 57] Configuring CaDiCaL as --sat (1).
c [w = 57] Initializing a Duplex encoder with n = 503.
c [w = 57] Encoding starts with w = 57:
c [w = 57] Encode symmetry breaking with option: h.
c [w = 54] Result: 10
c Max width SAT is set to 54
c [w = 58] Start task in PID: 25052.
c [w = 58] Antibandwidth problem with w = 58 (R-dwt__503.mtx.rnd):
c [w = 58] Initializing CaDiCaL (version 1.2.1).
c [w = 58] Configuring CaDiCaL as --sat (1).
c [w = 58] Initializing a Duplex encoder with n = 503.
c [w = 58] Encoding starts with w = 58:
c [w = 58] Encode symmetry breaking with option: h.
c [w = 57] Encoding duration: 4s
c [w = 57] Number of clauses: 8364995
c [w = 57] Number of irredundant clauses: 7895975
c [w = 57] Number of variables: 1187583
c [w = 57] SAT Solving starts:
c [w = 58] Encoding duration: 4s
c [w = 58] Number of clauses: 8370043
c [w = 58] Number of irredundant clauses: 7902300
c [w = 58] Number of variables: 1194625
c [w = 58] SAT Solving starts:
c [w = 57] Solving duration: 70906 ms
c [w = 57] Answer: 
s [w = 57] SAT (w = 57)
c [w = 57] Solution check w = 57.
c [w = 57] Result: 10
c Max width SAT is set to 57
c Kill lower pid 56.
c Kill lower pid 55.
c Signal interruption.
c Signal interruption.
c [w = 59] Start task in PID: 25063.
c [w = 59] Antibandwidth problem with w = 59 (R-dwt__503.mtx.rnd):
c [w = 59] Initializing CaDiCaL (version 1.2.1).
c [w = 59] Configuring CaDiCaL as --sat (1).
c [w = 59] Initializing a Duplex encoder with n = 503.
c [w = 59] Encoding starts with w = 59:
c [w = 59] Encode symmetry breaking with option: h.
c Child pid 55 - 25047 terminated by signal 15
c [w = 60] Start task in PID: 25064.
c [w = 60] Antibandwidth problem with w = 60 (R-dwt__503.mtx.rnd):
c Child pid 56 - 25048 terminated by signal 15
c [w = 60] Initializing CaDiCaL (version 1.2.1).
c [w = 60] Configuring CaDiCaL as --sat (1).
c [w = 60] Initializing a Duplex encoder with n = 503.
c [w = 60] Encoding starts with w = 60:
c [w = 60] Encode symmetry breaking with option: h.
c [w = 61] Start task in PID: 25065.
c [w = 61] Antibandwidth problem with w = 61 (R-dwt__503.mtx.rnd):
c [w = 61] Initializing CaDiCaL (version 1.2.1).
c [w = 61] Configuring CaDiCaL as --sat (1).
c [w = 61] Initializing a Duplex encoder with n = 503.
c [w = 61] Encoding starts with w = 61:
c [w = 61] Encode symmetry breaking with option: h.
c [w = 61] Encoding duration: 4s
c [w = 61] Number of clauses: 8385187
c [w = 61] Number of irredundant clauses: 7921275
c [w = 61] Number of variables: 1215751
c [w = 61] SAT Solving starts:
c [w = 59] Encoding duration: 4s
c [w = 59] Number of clauses: 8375091
c [w = 59] Number of irredundant clauses: 7908625
c [w = 59] Number of variables: 1201667
c [w = 59] SAT Solving starts:
c [w = 60] Encoding duration: 4s
c [w = 60] Number of clauses: 8380139
c [w = 60] Number of irredundant clauses: 7914950
c [w = 60] Number of variables: 1208709
c [w = 60] SAT Solving starts:
c [w = 58] Solving duration: 120194 ms
c [w = 58] Answer: 
s [w = 58] SAT (w = 58)
c [w = 58] Solution check w = 58.
c [w = 58] Result: 10
c Max width SAT is set to 58
c [w = 62] Start task in PID: 25075.
c [w = 62] Antibandwidth problem with w = 62 (R-dwt__503.mtx.rnd):
c [w = 62] Initializing CaDiCaL (version 1.2.1).
c [w = 62] Configuring CaDiCaL as --sat (1).
c [w = 62] Initializing a Duplex encoder with n = 503.
c [w = 62] Encoding starts with w = 62:
c [w = 62] Encode symmetry breaking with option: h.
c [w = 62] Encoding duration: 4s
c [w = 62] Number of clauses: 8390235
c [w = 62] Number of irredundant clauses: 7927600
c [w = 62] Number of variables: 1222793
c [w = 62] SAT Solving starts:
c [w = 59] Solving duration: 75354 ms
c [w = 59] Answer: 
s [w = 59] SAT (w = 59)
c [w = 59] Solution check w = 59.
c [w = 59] Result: 10
c Max width SAT is set to 59
c [w = 63] Start task in PID: 25082.
c [w = 63] Antibandwidth problem with w = 63 (R-dwt__503.mtx.rnd):
c [w = 63] Initializing CaDiCaL (version 1.2.1).
c [w = 63] Configuring CaDiCaL as --sat (1).
c [w = 63] Initializing a Duplex encoder with n = 503.
c [w = 63] Encoding starts with w = 63:
c [w = 63] Encode symmetry breaking with option: h.
c [w = 63] Encoding duration: 4s
c [w = 63] Number of clauses: 8245627
c [w = 63] Number of irredundant clauses: 7781310
c [w = 63] Number of variables: 1168469
c [w = 63] SAT Solving starts:
c [w = 60] Solving duration: 233514 ms
c [w = 60] Answer: 
s [w = 60] SAT (w = 60)
c [w = 60] Solution check w = 60.
c [w = 60] Result: 10
c Max width SAT is set to 60
c [w = 64] Start task in PID: 25106.
c [w = 64] Antibandwidth problem with w = 64 (R-dwt__503.mtx.rnd):
c [w = 64] Initializing CaDiCaL (version 1.2.1).
c [w = 64] Configuring CaDiCaL as --sat (1).
c [w = 64] Initializing a Duplex encoder with n = 503.
c [w = 64] Encoding starts with w = 64:
c [w = 64] Encode symmetry breaking with option: h.
c [w = 64] Encoding duration: 4s
c [w = 64] Number of clauses: 8248663
c [w = 64] Number of irredundant clauses: 7785075
c [w = 64] Number of variables: 1174505
c [w = 64] SAT Solving starts:
c [w = 61] Solving duration: 298754 ms
c [w = 61] Answer: 
s [w = 61] SAT (w = 61)
c [w = 61] Solution check w = 61.
c [w = 61] Result: 10
c Max width SAT is set to 61
c [w = 65] Start task in PID: 25122.
c [w = 65] Antibandwidth problem with w = 65 (R-dwt__503.mtx.rnd):
c [w = 65] Initializing CaDiCaL (version 1.2.1).
c [w = 65] Configuring CaDiCaL as --sat (1).
c [w = 65] Initializing a Duplex encoder with n = 503.
c [w = 65] Encoding starts with w = 65:
c [w = 65] Encode symmetry breaking with option: h.
c [w = 65] Encoding duration: 4s
c [w = 65] Number of clauses: 8251196
c [w = 65] Number of irredundant clauses: 7788838
c [w = 65] Number of variables: 1180541
c [w = 65] SAT Solving starts:
c [w = 62] Solving duration: 476529 ms
c [w = 62] Answer: 
s [w = 62] SAT (w = 62)
c [w = 62] Solution check w = 62.
c [w = 62] Result: 10
c Max width SAT is set to 62
c [w = 66] Start task in PID: 25160.
c [w = 66] Antibandwidth problem with w = 66 (R-dwt__503.mtx.rnd):
c [w = 66] Initializing CaDiCaL (version 1.2.1).
c [w = 66] Configuring CaDiCaL as --sat (1).
c [w = 66] Initializing a Duplex encoder with n = 503.
c [w = 66] Encoding starts with w = 66:
c [w = 66] Encode symmetry breaking with option: h.
c [w = 66] Encoding duration: 4s
c [w = 66] Number of clauses: 8253729
c [w = 66] Number of irredundant clauses: 7792601
c [w = 66] Number of variables: 1186577
c [w = 66] SAT Solving starts:
c [w = 63] Solving duration: 657978 ms
c [w = 63] Answer: 
s [w = 63] SAT (w = 63)
c [w = 63] Solution check w = 63.
c [w = 63] Result: 10
c Max width SAT is set to 63
c [w = 67] Start task in PID: 25196.
c [w = 67] Antibandwidth problem with w = 67 (R-dwt__503.mtx.rnd):
c [w = 67] Initializing CaDiCaL (version 1.2.1).
c [w = 67] Configuring CaDiCaL as --sat (1).
c [w = 67] Initializing a Duplex encoder with n = 503.
c [w = 67] Encoding starts with w = 67:
c [w = 67] Encode symmetry breaking with option: h.
c [w = 67] Encoding duration: 4s
c [w = 67] Number of clauses: 8256262
c [w = 67] Number of irredundant clauses: 7796364
c [w = 67] Number of variables: 1192613
c [w = 67] SAT Solving starts:
c Signal interruption.
c Signal interruption.
c [Lim] End with result: 65024
c All children have completed their tasks or were terminated.
c Signal interruption.
c Signal interruption.
r
r Final results: 
r Max width SAT:  	63
r Min width UNSAT:	-
r Total real time: 1810119 ms
r Total memory consumed 5903.2 MB
r
r
