c SCLEncoder 1.0.
c Real time limit is set to 1800.
c Memory limit is set to 30000.
c Iterative strategy: from LB to UB.
c LB-w = 256 (LB in Sinnl - A note on computational approaches for the antibandwidth problem).
c UB-w = 272 (UB in Sinnl - A note on computational approaches for the antibandwidth problem).
c [w = 256] Start task in PID: 25351.
c [w = 256] Antibandwidth problem with w = 256 (S-sherman4.mtx.rnd):
c [w = 257] Start task in PID: 25352.
c [w = 257] Antibandwidth problem with w = 257 (S-sherman4.mtx.rnd):
c [w = 256] Initializing CaDiCaL (version 1.2.1).
c [w = 256] Configuring CaDiCaL as --sat (1).
c [w = 256] Initializing a Duplex encoder with n = 546.
c [w = 256] Encoding starts with w = 256:
c [w = 256] Encode symmetry breaking with option: h.
c [w = 257] Initializing CaDiCaL (version 1.2.1).
c [w = 257] Configuring CaDiCaL as --sat (1).
c [w = 257] Initializing a Duplex encoder with n = 546.
c [w = 257] Encoding starts with w = 257:
c [w = 257] Encode symmetry breaking with option: h.
c [w = 258] Start task in PID: 25353.
c [w = 258] Antibandwidth problem with w = 258 (S-sherman4.mtx.rnd):
c [w = 258] Initializing CaDiCaL (version 1.2.1).
c [w = 258] Configuring CaDiCaL as --sat (1).
c [w = 259] Start task in PID: 25354.
c [w = 259] Antibandwidth problem with w = 259 (S-sherman4.mtx.rnd):
c [w = 258] Initializing a Duplex encoder with n = 546.
c [w = 258] Encoding starts with w = 258:
c [w = 258] Encode symmetry breaking with option: h.
c [w = 259] Initializing CaDiCaL (version 1.2.1).
c [w = 259] Configuring CaDiCaL as --sat (1).
c [w = 259] Initializing a Duplex encoder with n = 546.
c [w = 259] Encoding starts with w = 259:
c [w = 259] Encode symmetry breaking with option: h.
c [w = 259] Encoding duration: 3s
c [w = 259] Number of clauses: 4866270
c [w = 259] Number of irredundant clauses: 4548827
c [w = 259] Number of variables: 1221948
c [w = 259] SAT Solving starts:
c [w = 258] Encoding duration: 3s
c [w = 258] Number of clauses: 4870542
c [w = 258] Number of irredundant clauses: 4551973
c [w = 258] Number of variables: 1220856
c [w = 258] SAT Solving starts:
c [w = 257] Encoding duration: 3s
c [w = 257] Number of clauses: 4874814
c [w = 257] Number of irredundant clauses: 4555119
c [w = 257] Number of variables: 1219764
c [w = 257] SAT Solving starts:
c [w = 256] Encoding duration: 3s
c [w = 256] Number of clauses: 4879086
c [w = 256] Number of irredundant clauses: 4558265
c [w = 256] Number of variables: 1218672
c [w = 256] SAT Solving starts:
c [Lim] End with result: 65024
c All children have completed their tasks or were terminated.
c Signal interruption.
c Signal interruption.
c Signal interruption.
c Signal interruption.
r
r Final results: 
r Max width SAT:  	-
r Min width UNSAT:	-
r Total real time: 1810168 ms
r Total memory consumed 5178.3 MB
r
r
