c SCLEncoder 1.0.
c Real time limit is set to 1800.
c Memory limit is set to 30000.
c Iterative strategy: from LB to UB.
c LB-w = 112 (LB in Sinnl - A note on computational approaches for the antibandwidth problem).
c UB-w = 142 (UB in Sinnl - A note on computational approaches for the antibandwidth problem).
c [w = 112] Start task in PID: 26299.
c [w = 112] Antibandwidth problem with w = 112 (X-can__715.mtx.rnd):
c [w = 112] Initializing CaDiCaL (version 1.2.1).
c [w = 113] Start task in PID: 26300.
c [w = 113] Antibandwidth problem with w = 113 (X-can__715.mtx.rnd):
c [w = 112] Configuring CaDiCaL as --sat (1).
c [w = 112] Initializing a Duplex encoder with n = 715.
c [w = 112] Encoding starts with w = 112:
c [w = 112] Encode symmetry breaking with option: h.
c [w = 113] Initializing CaDiCaL (version 1.2.1).
c [w = 113] Configuring CaDiCaL as --sat (1).
c [w = 113] Initializing a Duplex encoder with n = 715.
c [w = 113] Encoding starts with w = 113:
c [w = 113] Encode symmetry breaking with option: h.
c [w = 114] Start task in PID: 26301.
c [w = 114] Antibandwidth problem with w = 114 (X-can__715.mtx.rnd):
c [w = 114] Initializing CaDiCaL (version 1.2.1).
c [w = 114] Configuring CaDiCaL as --sat (1).
c [w = 115] Start task in PID: 26302.
c [w = 115] Antibandwidth problem with w = 115 (X-can__715.mtx.rnd):
c [w = 114] Initializing a Duplex encoder with n = 715.
c [w = 114] Encoding starts with w = 114:
c [w = 114] Encode symmetry breaking with option: h.
c [w = 115] Initializing CaDiCaL (version 1.2.1).
c [w = 115] Configuring CaDiCaL as --sat (1).
c [w = 115] Initializing a Duplex encoder with n = 715.
c [w = 115] Encoding starts with w = 115:
c [w = 115] Encode symmetry breaking with option: h.
c [w = 112] Encoding duration: 7s
c [w = 112] Number of clauses: 14094332
c [w = 112] Number of irredundant clauses: 13123451
c [w = 112] Number of variables: 2391675
c [w = 112] SAT Solving starts:
c [w = 115] Encoding duration: 7s
c [w = 115] Number of clauses: 14105822
c [w = 115] Number of irredundant clauses: 13142315
c [w = 115] Number of variables: 2413125
c [w = 115] SAT Solving starts:
c [w = 113] Encoding duration: 8s
c [w = 113] Number of clauses: 14098162
c [w = 113] Number of irredundant clauses: 13129739
c [w = 113] Number of variables: 2398825
c [w = 113] SAT Solving starts:
c [w = 114] Encoding duration: 8s
c [w = 114] Number of clauses: 14101992
c [w = 114] Number of irredundant clauses: 13136027
c [w = 114] Number of variables: 2405975
c [w = 114] SAT Solving starts:
c [w = 113] Solving duration: 1748395 ms
c [w = 113] Answer: 
s [w = 113] SAT (w = 113)
c [w = 113] Solution check w = 113.
c [w = 113] Result: 10
c Max width SAT is set to 113
c Kill lower pid 112.
c Signal interruption.
c [w = 116] Start task in PID: 26624.
c [w = 116] Antibandwidth problem with w = 116 (X-can__715.mtx.rnd):
c [w = 116] Initializing CaDiCaL (version 1.2.1).
c [w = 116] Configuring CaDiCaL as --sat (1).
c [w = 116] Initializing a Duplex encoder with n = 715.
c [w = 116] Encoding starts with w = 116:
c [w = 116] Encode symmetry breaking with option: h.
c Child pid 112 - 26299 terminated by signal 15
c [w = 117] Start task in PID: 26625.
c [w = 117] Antibandwidth problem with w = 117 (X-can__715.mtx.rnd):
c [w = 117] Initializing CaDiCaL (version 1.2.1).
c [w = 117] Configuring CaDiCaL as --sat (1).
c [w = 117] Initializing a Duplex encoder with n = 715.
c [w = 117] Encoding starts with w = 117:
c [w = 117] Encode symmetry breaking with option: h.
c [w = 116] Encoding duration: 7s
c [w = 116] Number of clauses: 14109652
c [w = 116] Number of irredundant clauses: 13148603
c [w = 116] Number of variables: 2420275
c [w = 116] SAT Solving starts:
c [w = 117] Encoding duration: 7s
c [w = 117] Number of clauses: 14113482
c [w = 117] Number of irredundant clauses: 13154891
c [w = 117] Number of variables: 2427425
c [w = 117] SAT Solving starts:
c Signal interruption.
c [Lim] End with result: 65024
c All children have completed their tasks or were terminated.
c Signal interruption.
c Signal interruption.
c Signal interruption.
r
r Final results: 
r Max width SAT:  	113
r Min width UNSAT:	-
r Total real time: 1809733 ms
r Total memory consumed 11327.7 MB
r
r
