c SCLEncoder 1.0.
c Real time limit is set to 1800.
c Memory limit is set to 30000.
c Iterative strategy: from LB to UB.
c LB-w = 12 (LB in Sinnl - A note on computational approaches for the antibandwidth problem).
c UB-w = 14 (UB in Sinnl - A note on computational approaches for the antibandwidth problem).
c [w = 12] Start task in PID: 4343.
c [w = 12] Antibandwidth problem with w = 12 (G-will57.mtx.rnd):
c [w = 12] Initializing CaDiCaL (version 1.2.1).
c [w = 12] Configuring CaDiCaL as --sat (1).
c [w = 12] Initializing a Duplex encoder with n = 57.
c [w = 13] Start task in PID: 4344.
c [w = 13] Antibandwidth problem with w = 13 (G-will57.mtx.rnd):
c [w = 12] Encoding starts with w = 12:
c [w = 12] Encode symmetry breaking with option: f.
c [w = 13] Initializing CaDiCaL (version 1.2.1).
c [w = 13] Configuring CaDiCaL as --sat (1).
c [w = 13] Initializing a Duplex encoder with n = 57.
c [w = 14] Start task in PID: 4345.
c [w = 14] Antibandwidth problem with w = 14 (G-will57.mtx.rnd):
c [w = 13] Encoding starts with w = 13:
c [w = 13] Encode symmetry breaking with option: f.
c [w = 14] Initializing CaDiCaL (version 1.2.1).
c [w = 14] Configuring CaDiCaL as --sat (1).
c [w = 14] Initializing a Duplex encoder with n = 57.
c [w = 14] Encoding starts with w = 14:
c [w = 14] Encode symmetry breaking with option: f.
c [w = 12] Encoding duration: 0s
c [w = 12] Number of clauses: 63324
c [w = 12] Number of irredundant clauses: 57847
c [w = 12] Number of variables: 14535
c [w = 12] SAT Solving starts:
c [w = 13] Encoding duration: 0s
c [w = 13] Number of clauses: 63500
c [w = 13] Number of irredundant clauses: 58138
c [w = 13] Number of variables: 14877
c [w = 13] SAT Solving starts:
c [w = 14] Encoding duration: 0s
c [w = 14] Number of clauses: 63619
c [w = 14] Number of irredundant clauses: 58486
c [w = 14] Number of variables: 15219
c [w = 14] SAT Solving starts:
c [w = 14] Solving duration: 19 ms
c [w = 14] Answer: 
s [w = 14] UNSAT (w = 14)
c [w = 14] Result: 20
c Min width UNSAT is set to 14
c [w = 13] Solving duration: 90 ms
c [w = 13] Answer: 
s [w = 13] SAT (w = 13)
c [w = 13] Solution check w = 13.
c [w = 13] Result: 10
c Max width SAT is set to 13
c Kill lower pid 12.
c Signal interruption.
c Child pid 12 - 4343 terminated by signal 15
c All children have completed their tasks or were terminated.
c Signal interruption.
r
r Final results: 
r Max width SAT:  	13
r Min width UNSAT:	14
r Total real time: 131 ms
r Total memory consumed 31.2 MB
r
r
