c SCLEncoder 1.0.
c Real time limit is set to 1800.
c Memory limit is set to 30000.
c Iterative strategy: from LB to UB.
c LB-w = 19 (LB in Sinnl - A note on computational approaches for the antibandwidth problem).
c UB-w = 27 (UB in Sinnl - A note on computational approaches for the antibandwidth problem).
c [w = 19] Start task in PID: 4353.
c [w = 19] Antibandwidth problem with w = 19 (I-ash85.mtx.rnd):
c [w = 19] Initializing CaDiCaL (version 1.2.1).
c [w = 19] Configuring CaDiCaL as --sat (1).
c [w = 20] Start task in PID: 4354.
c [w = 20] Antibandwidth problem with w = 20 (I-ash85.mtx.rnd):
c [w = 19] Initializing a Duplex encoder with n = 85.
c [w = 19] Encoding starts with w = 19:
c [w = 19] Encode symmetry breaking with option: f.
c [w = 20] Initializing CaDiCaL (version 1.2.1).
c [w = 20] Configuring CaDiCaL as --sat (1).
c [w = 20] Initializing a Duplex encoder with n = 85.
c [w = 20] Encoding starts with w = 20:
c [w = 20] Encode symmetry breaking with option: f.
c [w = 21] Start task in PID: 4355.
c [w = 21] Antibandwidth problem with w = 21 (I-ash85.mtx.rnd):
c [w = 21] Initializing CaDiCaL (version 1.2.1).
c [w = 21] Configuring CaDiCaL as --sat (1).
c [w = 21] Initializing a Duplex encoder with n = 85.
c [w = 21] Encoding starts with w = 21:
c [w = 21] Encode symmetry breaking with option: f.
c [w = 22] Start task in PID: 4356.
c [w = 22] Antibandwidth problem with w = 22 (I-ash85.mtx.rnd):
c [w = 22] Initializing CaDiCaL (version 1.2.1).
c [w = 22] Configuring CaDiCaL as --sat (1).
c [w = 22] Initializing a Duplex encoder with n = 85.
c [w = 22] Encoding starts with w = 22:
c [w = 22] Encode symmetry breaking with option: f.
c [w = 22] Encoding duration: 0s
c [w = 22] Number of clauses: 141904
c [w = 22] Number of irredundant clauses: 130082
c [w = 22] Number of variables: 31025
c [w = 22] SAT Solving starts:
c [w = 21] Encoding duration: 0s
c [w = 21] Number of clauses: 149858
c [w = 21] Number of irredundant clauses: 138284
c [w = 21] Number of variables: 33915
c [w = 21] SAT Solving starts:
c [w = 20] Encoding duration: 0s
c [w = 20] Number of clauses: 149799
c [w = 20] Number of irredundant clauses: 137852
c [w = 20] Number of variables: 33405
c [w = 20] SAT Solving starts:
c [w = 19] Encoding duration: 0s
c [w = 19] Number of clauses: 149655
c [w = 19] Number of irredundant clauses: 137505
c [w = 19] Number of variables: 32895
c [w = 19] SAT Solving starts:
c [w = 19] Solving duration: 117 ms
c [w = 19] Answer: 
s [w = 19] SAT (w = 19)
c [w = 19] Solution check w = 19.
c [w = 19] Result: 10
c Max width SAT is set to 19
c [w = 23] Start task in PID: 4358.
c [w = 23] Antibandwidth problem with w = 23 (I-ash85.mtx.rnd):
c [w = 23] Initializing CaDiCaL (version 1.2.1).
c [w = 23] Configuring CaDiCaL as --sat (1).
c [w = 23] Initializing a Duplex encoder with n = 85.
c [w = 23] Encoding starts with w = 23:
c [w = 23] Encode symmetry breaking with option: f.
c [w = 23] Encoding duration: 0s
c [w = 23] Number of clauses: 141623
c [w = 23] Number of irredundant clauses: 129995
c [w = 23] Number of variables: 31365
c [w = 23] SAT Solving starts:
c [w = 20] Solving duration: 3646 ms
c [w = 20] Answer: 
s [w = 20] SAT (w = 20)
c [w = 20] Solution check w = 20.
c [w = 20] Result: 10
c Max width SAT is set to 20
c [w = 24] Start task in PID: 4381.
c [w = 24] Antibandwidth problem with w = 24 (I-ash85.mtx.rnd):
c [w = 24] Initializing CaDiCaL (version 1.2.1).
c [w = 24] Configuring CaDiCaL as --sat (1).
c [w = 24] Initializing a Duplex encoder with n = 85.
c [w = 24] Encoding starts with w = 24:
c [w = 24] Encode symmetry breaking with option: f.
c [w = 24] Encoding duration: 0s
c [w = 24] Number of clauses: 141342
c [w = 24] Number of irredundant clauses: 129908
c [w = 24] Number of variables: 31705
c [w = 24] SAT Solving starts:
c [w = 21] Solving duration: 9251 ms
c [w = 21] Answer: 
s [w = 21] SAT (w = 21)
c [w = 21] Solution check w = 21.
c [w = 21] Result: 10
c Max width SAT is set to 21
c [w = 25] Start task in PID: 4406.
c [w = 25] Antibandwidth problem with w = 25 (I-ash85.mtx.rnd):
c [w = 25] Initializing CaDiCaL (version 1.2.1).
c [w = 25] Configuring CaDiCaL as --sat (1).
c [w = 25] Initializing a Duplex encoder with n = 85.
c [w = 25] Encoding starts with w = 25:
c [w = 25] Encode symmetry breaking with option: f.
c [w = 25] Encoding duration: 0s
c [w = 25] Number of clauses: 141061
c [w = 25] Number of irredundant clauses: 129821
c [w = 25] Number of variables: 32045
c [w = 25] SAT Solving starts:
c [w = 22] Solving duration: 28776 ms
c [w = 22] Answer: 
s [w = 22] SAT (w = 22)
c [w = 22] Solution check w = 22.
c [w = 22] Result: 10
c Max width SAT is set to 22
c [w = 26] Start task in PID: 4437.
c [w = 26] Antibandwidth problem with w = 26 (I-ash85.mtx.rnd):
c [w = 26] Initializing CaDiCaL (version 1.2.1).
c [w = 26] Configuring CaDiCaL as --sat (1).
c [w = 26] Initializing a Duplex encoder with n = 85.
c [w = 26] Encoding starts with w = 26:
c [w = 26] Encode symmetry breaking with option: f.
c [w = 26] Encoding duration: 0s
c [w = 26] Number of clauses: 140780
c [w = 26] Number of irredundant clauses: 129734
c [w = 26] Number of variables: 32385
c [w = 26] SAT Solving starts:
c [w = 26] Solving duration: 389642 ms
c [w = 26] Answer: 
s [w = 26] UNSAT (w = 26)
c [w = 26] Result: 20
c Min width UNSAT is set to 26
c [Lim] End with result: 65024
c All children have completed their tasks or were terminated.
c Signal interruption.
c Signal interruption.
c Signal interruption.
r
r Final results: 
r Max width SAT:  	22
r Min width UNSAT:	26
r Total real time: 1807967 ms
r Total memory consumed 616.4 MB
r
r
