c SCLEncoder 1.0.
c Real time limit is set to 1800.
c Memory limit is set to 30000.
c Iterative strategy: from LB to UB.
c LB-w = 91 (LB in Sinnl - A note on computational approaches for the antibandwidth problem).
c UB-w = 173 (UB in Sinnl - A note on computational approaches for the antibandwidth problem).
c [w = 91] Start task in PID: 7102.
c [w = 91] Antibandwidth problem with w = 91 (O-impcol_d.mtx.rnd):
c [w = 92] Start task in PID: 7103.
c [w = 92] Antibandwidth problem with w = 92 (O-impcol_d.mtx.rnd):
c [w = 91] Initializing CaDiCaL (version 1.2.1).
c [w = 91] Configuring CaDiCaL as --sat (1).
c [w = 91] Initializing a Duplex encoder with n = 425.
c [w = 92] Initializing CaDiCaL (version 1.2.1).
c [w = 92] Configuring CaDiCaL as --sat (1).
c [w = 92] Initializing a Duplex encoder with n = 425.
c [w = 91] Encoding starts with w = 91:
c [w = 91] Encode symmetry breaking with option: f.
c [w = 92] Encoding starts with w = 92:
c [w = 92] Encode symmetry breaking with option: f.
c [w = 94] Start task in PID: 7105.
c [w = 94] Antibandwidth problem with w = 94 (O-impcol_d.mtx.rnd):
c [w = 94] Initializing CaDiCaL (version 1.2.1).
c [w = 94] Configuring CaDiCaL as --sat (1).
c [w = 94] Initializing a Duplex encoder with n = 425.
c [w = 94] Encoding starts with w = 94:
c [w = 94] Encode symmetry breaking with option: f.
c [w = 93] Start task in PID: 7104.
c [w = 93] Antibandwidth problem with w = 93 (O-impcol_d.mtx.rnd):
c [w = 93] Initializing CaDiCaL (version 1.2.1).
c [w = 93] Configuring CaDiCaL as --sat (1).
c [w = 93] Initializing a Duplex encoder with n = 425.
c [w = 93] Encoding starts with w = 93:
c [w = 93] Encode symmetry breaking with option: f.
c [w = 91] Encoding duration: 2s
c [w = 91] Number of clauses: 3992230
c [w = 91] Number of irredundant clauses: 3702394
c [w = 91] Number of variables: 801125
c [w = 91] SAT Solving starts:
c [w = 94] Encoding duration: 2s
c [w = 94] Number of clauses: 3992326
c [w = 94] Number of irredundant clauses: 3705187
c [w = 94] Number of variables: 808775
c [w = 94] SAT Solving starts:
c [w = 92] Encoding duration: 2s
c [w = 92] Number of clauses: 3992262
c [w = 92] Number of irredundant clauses: 3703325
c [w = 92] Number of variables: 803675
c [w = 92] SAT Solving starts:
c [w = 93] Encoding duration: 2s
c [w = 93] Number of clauses: 3992294
c [w = 93] Number of irredundant clauses: 3704256
c [w = 93] Number of variables: 806225
c [w = 93] SAT Solving starts:
c [w = 91] Solving duration: 11822 ms
c [w = 91] Answer: 
s [w = 91] SAT (w = 91)
c [w = 91] Solution check w = 91.
c [w = 91] Result: 10
c Max width SAT is set to 91
c [w = 95] Start task in PID: 7108.
c [w = 95] Antibandwidth problem with w = 95 (O-impcol_d.mtx.rnd):
c [w = 95] Initializing CaDiCaL (version 1.2.1).
c [w = 95] Configuring CaDiCaL as --sat (1).
c [w = 95] Initializing a Duplex encoder with n = 425.
c [w = 95] Encoding starts with w = 95:
c [w = 95] Encode symmetry breaking with option: f.
c [w = 95] Encoding duration: 2s
c [w = 95] Number of clauses: 3992358
c [w = 95] Number of irredundant clauses: 3706118
c [w = 95] Number of variables: 811325
c [w = 95] SAT Solving starts:
c [w = 94] Solving duration: 73835 ms
c [w = 94] Answer: 
s [w = 94] SAT (w = 94)
c [w = 94] Solution check w = 94.
c [w = 94] Result: 10
c Max width SAT is set to 94
c Kill lower pid 93.
c Kill lower pid 92.
c Signal interruption.
c Signal interruption.
c [w = 96] Start task in PID: 7118.
c [w = 96] Antibandwidth problem with w = 96 (O-impcol_d.mtx.rnd):
c [w = 96] Initializing CaDiCaL (version 1.2.1).
c [w = 96] Configuring CaDiCaL as --sat (1).
c [w = 96] Initializing a Duplex encoder with n = 425.
c [w = 96] Encoding starts with w = 96:
c [w = 96] Encode symmetry breaking with option: f.
c Child pid 92 - 7103 terminated by signal 15
c [w = 97] Start task in PID: 7119.
c [w = 97] Antibandwidth problem with w = 97 (O-impcol_d.mtx.rnd):
c [w = 97] Initializing CaDiCaL (version 1.2.1).
c [w = 97] Configuring CaDiCaL as --sat (1).
c [w = 97] Initializing a Duplex encoder with n = 425.
c [w = 97] Encoding starts with w = 97:
c [w = 97] Encode symmetry breaking with option: f.
c Child pid 93 - 7104 terminated by signal 15
c [w = 98] Start task in PID: 7120.
c [w = 98] Antibandwidth problem with w = 98 (O-impcol_d.mtx.rnd):
c [w = 98] Initializing CaDiCaL (version 1.2.1).
c [w = 98] Configuring CaDiCaL as --sat (1).
c [w = 98] Initializing a Duplex encoder with n = 425.
c [w = 98] Encoding starts with w = 98:
c [w = 98] Encode symmetry breaking with option: f.
c [w = 98] Encoding duration: 2s
c [w = 98] Number of clauses: 3992454
c [w = 98] Number of irredundant clauses: 3708911
c [w = 98] Number of variables: 818975
c [w = 98] SAT Solving starts:
c [w = 97] Encoding duration: 2s
c [w = 97] Number of clauses: 3992422
c [w = 97] Number of irredundant clauses: 3707980
c [w = 97] Number of variables: 816425
c [w = 97] SAT Solving starts:
c [w = 96] Encoding duration: 2s
c [w = 96] Number of clauses: 3992390
c [w = 96] Number of irredundant clauses: 3707049
c [w = 96] Number of variables: 813875
c [w = 96] SAT Solving starts:
c [w = 95] Solving duration: 251649 ms
c [w = 95] Answer: 
s [w = 95] SAT (w = 95)
c [w = 95] Solution check w = 95.
c [w = 95] Result: 10
c Max width SAT is set to 95
c [w = 99] Start task in PID: 7156.
c [w = 99] Antibandwidth problem with w = 99 (O-impcol_d.mtx.rnd):
c [w = 99] Initializing CaDiCaL (version 1.2.1).
c [w = 99] Configuring CaDiCaL as --sat (1).
c [w = 99] Initializing a Duplex encoder with n = 425.
c [w = 99] Encoding starts with w = 99:
c [w = 99] Encode symmetry breaking with option: f.
c [w = 99] Encoding duration: 2s
c [w = 99] Number of clauses: 3992486
c [w = 99] Number of irredundant clauses: 3709842
c [w = 99] Number of variables: 821525
c [w = 99] SAT Solving starts:
c [w = 98] Solving duration: 263889 ms
c [w = 98] Answer: 
s [w = 98] SAT (w = 98)
c [w = 98] Solution check w = 98.
c [w = 98] Result: 10
c Max width SAT is set to 98
c Kill lower pid 97.
c Kill lower pid 96.
c Signal interruption.
c Signal interruption.
c [w = 100] Start task in PID: 7173.
c [w = 100] Antibandwidth problem with w = 100 (O-impcol_d.mtx.rnd):
c [w = 100] Initializing CaDiCaL (version 1.2.1).
c [w = 100] Configuring CaDiCaL as --sat (1).
c [w = 100] Initializing a Duplex encoder with n = 425.
c [w = 100] Encoding starts with w = 100:
c [w = 100] Encode symmetry breaking with option: f.
c Child pid 96 - 7118 terminated by signal 15
c [w = 101] Start task in PID: 7174.
c [w = 101] Antibandwidth problem with w = 101 (O-impcol_d.mtx.rnd):
c [w = 101] Initializing CaDiCaL (version 1.2.1).
c [w = 101] Configuring CaDiCaL as --sat (1).
c [w = 101] Initializing a Duplex encoder with n = 425.
c [w = 101] Encoding starts with w = 101:
c [w = 101] Encode symmetry breaking with option: f.
c Child pid 97 - 7119 terminated by signal 15
c [w = 102] Start task in PID: 7175.
c [w = 102] Antibandwidth problem with w = 102 (O-impcol_d.mtx.rnd):
c [w = 102] Initializing CaDiCaL (version 1.2.1).
c [w = 102] Configuring CaDiCaL as --sat (1).
c [w = 102] Initializing a Duplex encoder with n = 425.
c [w = 102] Encoding starts with w = 102:
c [w = 102] Encode symmetry breaking with option: f.
c [w = 100] Encoding duration: 2s
c [w = 100] Number of clauses: 3992518
c [w = 100] Number of irredundant clauses: 3710773
c [w = 100] Number of variables: 824075
c [w = 100] SAT Solving starts:
c [w = 101] Encoding duration: 2s
c [w = 101] Number of clauses: 3992550
c [w = 101] Number of irredundant clauses: 3711704
c [w = 101] Number of variables: 826625
c [w = 101] SAT Solving starts:
c [w = 102] Encoding duration: 2s
c [w = 102] Number of clauses: 3992582
c [w = 102] Number of irredundant clauses: 3712635
c [w = 102] Number of variables: 829175
c [w = 102] SAT Solving starts:
c [w = 101] Solving duration: 349881 ms
c [w = 101] Answer: 
s [w = 101] SAT (w = 101)
c [w = 101] Solution check w = 101.
c [w = 101] Result: 10
c Max width SAT is set to 101
c Kill lower pid 100.
c Kill lower pid 99.
c Signal interruption.
c Signal interruption.
c [w = 103] Start task in PID: 7238.
c [w = 103] Antibandwidth problem with w = 103 (O-impcol_d.mtx.rnd):
c [w = 103] Initializing CaDiCaL (version 1.2.1).
c [w = 103] Configuring CaDiCaL as --sat (1).
c [w = 103] Initializing a Duplex encoder with n = 425.
c [w = 103] Encoding starts with w = 103:
c [w = 103] Encode symmetry breaking with option: f.
c Child pid 99 - 7156 terminated by signal 15
c [w = 104] Start task in PID: 7239.
c [w = 104] Antibandwidth problem with w = 104 (O-impcol_d.mtx.rnd):
c [w = 104] Initializing CaDiCaL (version 1.2.1).
c [w = 104] Configuring CaDiCaL as --sat (1).
c [w = 104] Initializing a Duplex encoder with n = 425.
c [w = 104] Encoding starts with w = 104:
c [w = 104] Encode symmetry breaking with option: f.
c Child pid 100 - 7173 terminated by signal 15
c [w = 105] Start task in PID: 7240.
c [w = 105] Antibandwidth problem with w = 105 (O-impcol_d.mtx.rnd):
c [w = 105] Initializing CaDiCaL (version 1.2.1).
c [w = 105] Configuring CaDiCaL as --sat (1).
c [w = 105] Initializing a Duplex encoder with n = 425.
c [w = 105] Encoding starts with w = 105:
c [w = 105] Encode symmetry breaking with option: f.
c [w = 103] Encoding duration: 2s
c [w = 103] Number of clauses: 3992614
c [w = 103] Number of irredundant clauses: 3713566
c [w = 103] Number of variables: 831725
c [w = 103] SAT Solving starts:
c [w = 104] Encoding duration: 2s
c [w = 104] Number of clauses: 3992646
c [w = 104] Number of irredundant clauses: 3714497
c [w = 104] Number of variables: 834275
c [w = 104] SAT Solving starts:
c [w = 105] Encoding duration: 2s
c [w = 105] Number of clauses: 3992678
c [w = 105] Number of irredundant clauses: 3715428
c [w = 105] Number of variables: 836825
c [w = 105] SAT Solving starts:
c [w = 102] Solving duration: 600831 ms
c [w = 102] Answer: 
s [w = 102] SAT (w = 102)
c [w = 102] Solution check w = 102.
c [w = 102] Result: 10
c Max width SAT is set to 102
c [w = 106] Start task in PID: 7287.
c [w = 106] Antibandwidth problem with w = 106 (O-impcol_d.mtx.rnd):
c [w = 106] Initializing CaDiCaL (version 1.2.1).
c [w = 106] Configuring CaDiCaL as --sat (1).
c [w = 106] Initializing a Duplex encoder with n = 425.
c [w = 106] Encoding starts with w = 106:
c [w = 106] Encode symmetry breaking with option: f.
c [w = 106] Encoding duration: 2s
c [w = 106] Number of clauses: 3992285
c [w = 106] Number of irredundant clauses: 3716784
c [w = 106] Number of variables: 839375
c [w = 106] SAT Solving starts:
c [w = 104] Solving duration: 475558 ms
c [w = 104] Answer: 
s [w = 104] SAT (w = 104)
c [w = 104] Solution check w = 104.
c [w = 104] Result: 10
c Max width SAT is set to 104
c Kill lower pid 103.
c Signal interruption.
c [w = 107] Start task in PID: 7335.
c [w = 107] Antibandwidth problem with w = 107 (O-impcol_d.mtx.rnd):
c [w = 107] Initializing CaDiCaL (version 1.2.1).
c [w = 107] Configuring CaDiCaL as --sat (1).
c [w = 107] Initializing a Duplex encoder with n = 425.
c [w = 107] Encoding starts with w = 107:
c [w = 107] Encode symmetry breaking with option: f.
c Child pid 103 - 7238 terminated by signal 15
c [w = 108] Start task in PID: 7336.
c [w = 108] Antibandwidth problem with w = 108 (O-impcol_d.mtx.rnd):
c [w = 108] Initializing CaDiCaL (version 1.2.1).
c [w = 108] Configuring CaDiCaL as --sat (1).
c [w = 108] Initializing a Duplex encoder with n = 425.
c [w = 108] Encoding starts with w = 108:
c [w = 108] Encode symmetry breaking with option: f.
c [w = 107] Encoding duration: 2s
c [w = 107] Number of clauses: 3771718
c [w = 107] Number of irredundant clauses: 3494452
c [w = 107] Number of variables: 752675
c [w = 107] SAT Solving starts:
c [w = 108] Encoding duration: 2s
c [w = 108] Number of clauses: 3769625
c [w = 108] Number of irredundant clauses: 3493245
c [w = 108] Number of variables: 754375
c [w = 108] SAT Solving starts:
c Signal interruption.
c [Lim] End with result: 65024
c All children have completed their tasks or were terminated.
c Signal interruption.
c Signal interruption.
c Signal interruption.
r
r Final results: 
r Max width SAT:  	104
r Min width UNSAT:	-
r Total real time: 1809605 ms
r Total memory consumed 4475.4 MB
r
r
