c SCLEncoder 1.0.
c Real time limit is set to 1800.
c Memory limit is set to 30000.
c Iterative strategy: from LB to UB.
c LB-w = 136 (LB in Sinnl - A note on computational approaches for the antibandwidth problem).
c UB-w = 136 (UB in Sinnl - A note on computational approaches for the antibandwidth problem).
c [w = 136] Start task in PID: 9597.
c [w = 136] Antibandwidth problem with w = 136 (W-685_bus.mtx.rnd):
c [w = 136] Initializing CaDiCaL (version 1.2.1).
c [w = 136] Configuring CaDiCaL as --sat (1).
c [w = 136] Initializing a Duplex encoder with n = 685.
c [w = 136] Encoding starts with w = 136:
c [w = 136] Encode symmetry breaking with option: f.
c [w = 136] Encoding duration: 5s
c [w = 136] Number of clauses: 9158909
c [w = 136] Number of irredundant clauses: 8396842
c [w = 136] Number of variables: 2209125
c [w = 136] SAT Solving starts:
c [w = 136] Solving duration: 6070 ms
c [w = 136] Answer: 
s [w = 136] SAT (w = 136)
c [w = 136] Solution check w = 136.
c [w = 136] Result: 10
c Max width SAT is set to 136
c All ABP tasks are done. Terminating limit monitor process 9596.
c All children have completed their tasks or were terminated.
r
r Final results: 
r Max width SAT:  	136
r Min width UNSAT:	-
r Total real time: 14144 ms
r Total memory consumed 1428.4 MB
r
r
c Signal interruption.
