c SCLEncoder 1.0.
c Real time limit is set to 1800.
c Memory limit is set to 30000.
c Iterative strategy: from LB to UB.
c LB-w = 112 (LB in Sinnl - A note on computational approaches for the antibandwidth problem).
c UB-w = 142 (UB in Sinnl - A note on computational approaches for the antibandwidth problem).
c [w = 112] Start task in PID: 9602.
c [w = 112] Antibandwidth problem with w = 112 (X-can__715.mtx.rnd):
c [w = 113] Start task in PID: 9603.
c [w = 113] Antibandwidth problem with w = 113 (X-can__715.mtx.rnd):
c [w = 112] Initializing CaDiCaL (version 1.2.1).
c [w = 112] Configuring CaDiCaL as --sat (1).
c [w = 112] Initializing a Duplex encoder with n = 715.
c [w = 112] Encoding starts with w = 112:
c [w = 112] Encode symmetry breaking with option: f.
c [w = 113] Initializing CaDiCaL (version 1.2.1).
c [w = 113] Configuring CaDiCaL as --sat (1).
c [w = 114] Start task in PID: 9604.
c [w = 114] Antibandwidth problem with w = 114 (X-can__715.mtx.rnd):
c [w = 113] Initializing a Duplex encoder with n = 715.
c [w = 113] Encoding starts with w = 113:
c [w = 113] Encode symmetry breaking with option: f.
c [w = 114] Initializing CaDiCaL (version 1.2.1).
c [w = 114] Configuring CaDiCaL as --sat (1).
c [w = 114] Initializing a Duplex encoder with n = 715.
c [w = 114] Encoding starts with w = 114:
c [w = 114] Encode symmetry breaking with option: f.
c [w = 115] Start task in PID: 9605.
c [w = 115] Antibandwidth problem with w = 115 (X-can__715.mtx.rnd):
c [w = 115] Initializing CaDiCaL (version 1.2.1).
c [w = 115] Configuring CaDiCaL as --sat (1).
c [w = 115] Initializing a Duplex encoder with n = 715.
c [w = 115] Encoding starts with w = 115:
c [w = 115] Encode symmetry breaking with option: f.
c [w = 112] Encoding duration: 7s
c [w = 112] Number of clauses: 14094332
c [w = 112] Number of irredundant clauses: 13221467
c [w = 112] Number of variables: 2391675
c [w = 112] SAT Solving starts:
c [w = 114] Encoding duration: 7s
c [w = 114] Number of clauses: 14101992
c [w = 114] Number of irredundant clauses: 13232123
c [w = 114] Number of variables: 2405975
c [w = 114] SAT Solving starts:
c [w = 115] Encoding duration: 7s
c [w = 115] Number of clauses: 14105822
c [w = 115] Number of irredundant clauses: 13237451
c [w = 115] Number of variables: 2413125
c [w = 115] SAT Solving starts:
c [w = 113] Encoding duration: 7s
c [w = 113] Number of clauses: 14098162
c [w = 113] Number of irredundant clauses: 13226795
c [w = 113] Number of variables: 2398825
c [w = 113] SAT Solving starts:
c [Lim] End with result: 65024
c All children have completed their tasks or were terminated.
c Signal interruption.
c Signal interruption.
c Signal interruption.
c Signal interruption.
r
r Final results: 
r Max width SAT:  	-
r Min width UNSAT:	-
r Total real time: 1809573 ms
r Total memory consumed 12714.5 MB
r
r
